// Jest Snapshot v1, https://goo.gl/fbAQLP

exports[`test snapshot 1`] = `
<div
  id="view-error"
>
  <h1>
    Page Not Found
  </h1>
  <img
    src="test-file-stub"
  />
  <p>
    <a
      href="#/programs"
      onClick={[Function]}
    >
      View our Programs
    </a>
    To find what you're looking for
  </p>
  <h6>
    
  </h6>
</div>
`;
